19:22:30 **** Incremental Build of configuration Debug for project STM32_PWM_3PHASE ****
make -j4 all 
Building file: ../src/modbus.c
Invoking: MCU GCC Compiler
D:\GIT\GitHub\STM32_PWM_3PHASE\STM32_PWM_3PHASE\Debug
arm-none-eabi-gcc -mcpu=cortex-m3 -mthumb -mfloat-abi=soft -DSTM32 -DSTM32F1 -DSTM32F103C8Tx -DDEBUG -DSTM32F10X_MD -DUSE_STDPERIPH_DRIVER -I"D:/GIT/GitHub/STM32_PWM_3PHASE/STM32_PWM_3PHASE/StdPeriph_Driver/inc" -I"D:/GIT/GitHub/STM32_PWM_3PHASE/STM32_PWM_3PHASE/inc" -I"D:/GIT/GitHub/STM32_PWM_3PHASE/STM32_PWM_3PHASE/CMSIS/device" -I"D:/GIT/GitHub/STM32_PWM_3PHASE/STM32_PWM_3PHASE/CMSIS/core" -O0 -g3 -Wall -fmessage-length=0 -ffunction-sections -c -MMD -MP -MF"src/modbus.d" -MT"src/modbus.o" -o "src/modbus.o" "../src/modbus.c"
Finished building: ../src/modbus.c
 
Building target: STM32_PWM_3PHASE.elf
Invoking: MCU GCC Linker
arm-none-eabi-gcc -mcpu=cortex-m3 -mthumb -mfloat-abi=soft -T"D:/GIT/GitHub/STM32_PWM_3PHASE/STM32_PWM_3PHASE/LinkerScript.ld" -Wl,-Map=output.map -Wl,--gc-sections -o "STM32_PWM_3PHASE.elf" @"objects.list"   -lm
Finished building target: STM32_PWM_3PHASE.elf
 
make --no-print-directory post-build
Generating binary and Printing size information:
arm-none-eabi-objcopy -O binary "STM32_PWM_3PHASE.elf" "STM32_PWM_3PHASE.bin"
arm-none-eabi-size "STM32_PWM_3PHASE.elf"
   text	   data	    bss	    dec	    hex	filename
   7428	   1096	   3388	  11912	   2e88	STM32_PWM_3PHASE.elf
 
19:24:26 **** Incremental Build of configuration Debug for project STM32_PWM_3PHASE ****
make -j4 all 
make: Nothing to be done for 'all'.
19:24:55 **** Incremental Build of configuration Debug for project STM32_PWM_3PHASE ****
make -j4 all 
make: Nothing to be done for 'all'.
